INFO - 2026-06-12 07:31:34 --> Session: Class initialized using 'CodeIgniter\Session\Handlers\FileHandler' driver.
INFO - 2026-06-12 07:32:11 --> Session: Class initialized using 'CodeIgniter\Session\Handlers\FileHandler' driver.
ERROR - 2026-06-12 07:32:12 --> mysqli_sql_exception: Table 'db_fgi_portal_v3.sub_chapters' doesn't exist in C:\xampp\htdocs\portal-fgroupindonesia\system\Database\MySQLi\Connection.php:308
Stack trace:
#0 C:\xampp\htdocs\portal-fgroupindonesia\system\Database\MySQLi\Connection.php(308): mysqli->query('SELECT COUNT(*)...', 0)
#1 C:\xampp\htdocs\portal-fgroupindonesia\system\Database\BaseConnection.php(722): CodeIgniter\Database\MySQLi\Connection->execute('SELECT COUNT(*)...')
#2 C:\xampp\htdocs\portal-fgroupindonesia\system\Database\BaseConnection.php(636): CodeIgniter\Database\BaseConnection->simpleQuery('SELECT COUNT(*)...')
#3 C:\xampp\htdocs\portal-fgroupindonesia\system\Database\BaseBuilder.php(1713): CodeIgniter\Database\BaseConnection->query('SELECT COUNT(*)...', Array, false)
#4 C:\xampp\htdocs\portal-fgroupindonesia\system\Model.php(667): CodeIgniter\Database\BaseBuilder->countAllResults(true)
#5 C:\xampp\htdocs\portal-fgroupindonesia\app\Models\ChapterModel.php(35): CodeIgniter\Model->countAllResults()
#6 C:\xampp\htdocs\portal-fgroupindonesia\app\Controllers\Typing.php(26): App\Models\ChapterModel->getChaptersWithProgress(1)
#7 C:\xampp\htdocs\portal-fgroupindonesia\system\CodeIgniter.php(933): App\Controllers\Typing->index()
#8 C:\xampp\htdocs\portal-fgroupindonesia\system\CodeIgniter.php(509): CodeIgniter\CodeIgniter->runController(Object(App\Controllers\Typing))
#9 C:\xampp\htdocs\portal-fgroupindonesia\system\CodeIgniter.php(355): CodeIgniter\CodeIgniter->handleRequest(NULL, Object(Config\Cache), false)
#10 C:\xampp\htdocs\portal-fgroupindonesia\system\Boot.php(312): CodeIgniter\CodeIgniter->run()
#11 C:\xampp\htdocs\portal-fgroupindonesia\system\Boot.php(67): CodeIgniter\Boot::runCodeIgniter(Object(CodeIgniter\CodeIgniter))
#12 C:\xampp\htdocs\portal-fgroupindonesia\public\index.php(56): CodeIgniter\Boot::bootWeb(Object(Config\Paths))
#13 {main}
CRITICAL - 2026-06-12 07:32:12 --> CodeIgniter\Database\Exceptions\DatabaseException: Table 'db_fgi_portal_v3.sub_chapters' doesn't exist
[Method: GET, Route: exercise/typing]
in SYSTEMPATH\Database\BaseConnection.php on line 676.
 1 SYSTEMPATH\Database\BaseBuilder.php(1713): CodeIgniter\Database\BaseConnection->query('SELECT COUNT(*) AS `numrows`
FROM `table_user_progress`
WHERE `user_id` = :user_id:
AND `sub_chapter_id` IN :sub_chapter_id:
AND `completed` = :completed:', [...], false)
 2 SYSTEMPATH\Model.php(667): CodeIgniter\Database\BaseBuilder->countAllResults(true)
 3 APPPATH\Models\ChapterModel.php(35): CodeIgniter\Model->countAllResults()
 4 APPPATH\Controllers\Typing.php(26): App\Models\ChapterModel->getChaptersWithProgress(1)
 5 SYSTEMPATH\CodeIgniter.php(933): App\Controllers\Typing->index()
 6 SYSTEMPATH\CodeIgniter.php(509): CodeIgniter\CodeIgniter->runController(Object(App\Controllers\Typing))
 7 SYSTEMPATH\CodeIgniter.php(355): CodeIgniter\CodeIgniter->handleRequest(null, Object(Config\Cache), false)
 8 SYSTEMPATH\Boot.php(312): CodeIgniter\CodeIgniter->run()
 9 SYSTEMPATH\Boot.php(67): CodeIgniter\Boot::runCodeIgniter(Object(CodeIgniter\CodeIgniter))
10 FCPATH\index.php(56): CodeIgniter\Boot::bootWeb(Object(Config\Paths))
CRITICAL - 2026-06-12 07:32:12 --> [Caused by] CodeIgniter\Database\Exceptions\DatabaseException: Table 'db_fgi_portal_v3.sub_chapters' doesn't exist
in SYSTEMPATH\Database\MySQLi\Connection.php on line 313.
 1 SYSTEMPATH\Database\BaseConnection.php(722): CodeIgniter\Database\MySQLi\Connection->execute('SELECT COUNT(*) AS `numrows`
FROM `table_user_progress`
WHERE `user_id` = 1
AND `sub_chapter_id` IN (SELECT `id` FROM `sub_chapters` WHERE `chapter_id` = \'1\')
AND `completed` = 1')
 2 SYSTEMPATH\Database\BaseConnection.php(636): CodeIgniter\Database\BaseConnection->simpleQuery('SELECT COUNT(*) AS `numrows`
FROM `table_user_progress`
WHERE `user_id` = 1
AND `sub_chapter_id` IN (SELECT `id` FROM `sub_chapters` WHERE `chapter_id` = \'1\')
AND `completed` = 1')
 3 SYSTEMPATH\Database\BaseBuilder.php(1713): CodeIgniter\Database\BaseConnection->query('SELECT COUNT(*) AS `numrows`
FROM `table_user_progress`
WHERE `user_id` = :user_id:
AND `sub_chapter_id` IN :sub_chapter_id:
AND `completed` = :completed:', [...], false)
 4 SYSTEMPATH\Model.php(667): CodeIgniter\Database\BaseBuilder->countAllResults(true)
 5 APPPATH\Models\ChapterModel.php(35): CodeIgniter\Model->countAllResults()
 6 APPPATH\Controllers\Typing.php(26): App\Models\ChapterModel->getChaptersWithProgress(1)
 7 SYSTEMPATH\CodeIgniter.php(933): App\Controllers\Typing->index()
 8 SYSTEMPATH\CodeIgniter.php(509): CodeIgniter\CodeIgniter->runController(Object(App\Controllers\Typing))
 9 SYSTEMPATH\CodeIgniter.php(355): CodeIgniter\CodeIgniter->handleRequest(null, Object(Config\Cache), false)
10 SYSTEMPATH\Boot.php(312): CodeIgniter\CodeIgniter->run()
11 SYSTEMPATH\Boot.php(67): CodeIgniter\Boot::runCodeIgniter(Object(CodeIgniter\CodeIgniter))
12 FCPATH\index.php(56): CodeIgniter\Boot::bootWeb(Object(Config\Paths))
CRITICAL - 2026-06-12 07:32:12 --> [Caused by] mysqli_sql_exception: Table 'db_fgi_portal_v3.sub_chapters' doesn't exist
in SYSTEMPATH\Database\MySQLi\Connection.php on line 308.
 1 SYSTEMPATH\Database\MySQLi\Connection.php(308): mysqli->query('SELECT COUNT(*) AS `numrows`
FROM `table_user_progress`
WHERE `user_id` = 1
AND `sub_chapter_id` IN (SELECT `id` FROM `sub_chapters` WHERE `chapter_id` = \'1\')
AND `completed` = 1', 0)
 2 SYSTEMPATH\Database\BaseConnection.php(722): CodeIgniter\Database\MySQLi\Connection->execute('SELECT COUNT(*) AS `numrows`
FROM `table_user_progress`
WHERE `user_id` = 1
AND `sub_chapter_id` IN (SELECT `id` FROM `sub_chapters` WHERE `chapter_id` = \'1\')
AND `completed` = 1')
 3 SYSTEMPATH\Database\BaseConnection.php(636): CodeIgniter\Database\BaseConnection->simpleQuery('SELECT COUNT(*) AS `numrows`
FROM `table_user_progress`
WHERE `user_id` = 1
AND `sub_chapter_id` IN (SELECT `id` FROM `sub_chapters` WHERE `chapter_id` = \'1\')
AND `completed` = 1')
 4 SYSTEMPATH\Database\BaseBuilder.php(1713): CodeIgniter\Database\BaseConnection->query('SELECT COUNT(*) AS `numrows`
FROM `table_user_progress`
WHERE `user_id` = :user_id:
AND `sub_chapter_id` IN :sub_chapter_id:
AND `completed` = :completed:', [...], false)
 5 SYSTEMPATH\Model.php(667): CodeIgniter\Database\BaseBuilder->countAllResults(true)
 6 APPPATH\Models\ChapterModel.php(35): CodeIgniter\Model->countAllResults()
 7 APPPATH\Controllers\Typing.php(26): App\Models\ChapterModel->getChaptersWithProgress(1)
 8 SYSTEMPATH\CodeIgniter.php(933): App\Controllers\Typing->index()
 9 SYSTEMPATH\CodeIgniter.php(509): CodeIgniter\CodeIgniter->runController(Object(App\Controllers\Typing))
10 SYSTEMPATH\CodeIgniter.php(355): CodeIgniter\CodeIgniter->handleRequest(null, Object(Config\Cache), false)
11 SYSTEMPATH\Boot.php(312): CodeIgniter\CodeIgniter->run()
12 SYSTEMPATH\Boot.php(67): CodeIgniter\Boot::runCodeIgniter(Object(CodeIgniter\CodeIgniter))
13 FCPATH\index.php(56): CodeIgniter\Boot::bootWeb(Object(Config\Paths))
INFO - 2026-06-12 07:33:07 --> Session: Class initialized using 'CodeIgniter\Session\Handlers\FileHandler' driver.
CRITICAL - 2026-06-12 07:33:07 --> CodeIgniter\View\Exceptions\ViewException: Invalid file: "typing/index.php"
[Method: GET, Route: exercise/typing]
in SYSTEMPATH\Exceptions\FrameworkException.php on line 41.
 1 SYSTEMPATH\View\View.php(222): CodeIgniter\Exceptions\FrameworkException::forInvalidFile('typing/index.php')
 2 SYSTEMPATH\Common.php(1171): CodeIgniter\View\View->render('typing/index', [], true)
 3 APPPATH\Controllers\Typing.php(32): view('typing/index', [...])
 4 SYSTEMPATH\CodeIgniter.php(933): App\Controllers\Typing->index()
 5 SYSTEMPATH\CodeIgniter.php(509): CodeIgniter\CodeIgniter->runController(Object(App\Controllers\Typing))
 6 SYSTEMPATH\CodeIgniter.php(355): CodeIgniter\CodeIgniter->handleRequest(null, Object(Config\Cache), false)
 7 SYSTEMPATH\Boot.php(312): CodeIgniter\CodeIgniter->run()
 8 SYSTEMPATH\Boot.php(67): CodeIgniter\Boot::runCodeIgniter(Object(CodeIgniter\CodeIgniter))
 9 FCPATH\index.php(56): CodeIgniter\Boot::bootWeb(Object(Config\Paths))
INFO - 2026-06-12 07:33:27 --> Session: Class initialized using 'CodeIgniter\Session\Handlers\FileHandler' driver.
INFO - 2026-06-12 07:33:30 --> Session: Class initialized using 'CodeIgniter\Session\Handlers\FileHandler' driver.
INFO - 2026-06-12 07:33:31 --> Session: Class initialized using 'CodeIgniter\Session\Handlers\FileHandler' driver.
INFO - 2026-06-12 07:33:32 --> Session: Class initialized using 'CodeIgniter\Session\Handlers\FileHandler' driver.
INFO - 2026-06-12 07:33:32 --> Session: Class initialized using 'CodeIgniter\Session\Handlers\FileHandler' driver.
INFO - 2026-06-12 07:33:35 --> Session: Class initialized using 'CodeIgniter\Session\Handlers\FileHandler' driver.
ERROR - 2026-06-12 07:33:35 --> mysqli_sql_exception: Table 'db_fgi_portal_v3.attempts' doesn't exist in C:\xampp\htdocs\portal-fgroupindonesia\system\Database\MySQLi\Connection.php:308
Stack trace:
#0 C:\xampp\htdocs\portal-fgroupindonesia\system\Database\MySQLi\Connection.php(308): mysqli->query('SELECT u.userna...', 0)
#1 C:\xampp\htdocs\portal-fgroupindonesia\system\Database\BaseConnection.php(722): CodeIgniter\Database\MySQLi\Connection->execute('SELECT u.userna...')
#2 C:\xampp\htdocs\portal-fgroupindonesia\system\Database\BaseConnection.php(636): CodeIgniter\Database\BaseConnection->simpleQuery('SELECT u.userna...')
#3 C:\xampp\htdocs\portal-fgroupindonesia\app\Models\AttemptModel.php(32): CodeIgniter\Database\BaseConnection->query('SELECT u.userna...', Array)
#4 C:\xampp\htdocs\portal-fgroupindonesia\app\Controllers\Typing.php(143): App\Models\AttemptModel->getHighScores(50)
#5 C:\xampp\htdocs\portal-fgroupindonesia\system\CodeIgniter.php(933): App\Controllers\Typing->highscores()
#6 C:\xampp\htdocs\portal-fgroupindonesia\system\CodeIgniter.php(509): CodeIgniter\CodeIgniter->runController(Object(App\Controllers\Typing))
#7 C:\xampp\htdocs\portal-fgroupindonesia\system\CodeIgniter.php(355): CodeIgniter\CodeIgniter->handleRequest(NULL, Object(Config\Cache), false)
#8 C:\xampp\htdocs\portal-fgroupindonesia\system\Boot.php(312): CodeIgniter\CodeIgniter->run()
#9 C:\xampp\htdocs\portal-fgroupindonesia\system\Boot.php(67): CodeIgniter\Boot::runCodeIgniter(Object(CodeIgniter\CodeIgniter))
#10 C:\xampp\htdocs\portal-fgroupindonesia\public\index.php(56): CodeIgniter\Boot::bootWeb(Object(Config\Paths))
#11 {main}
CRITICAL - 2026-06-12 07:33:35 --> CodeIgniter\Database\Exceptions\DatabaseException: Table 'db_fgi_portal_v3.attempts' doesn't exist
[Method: GET, Route: exercise/typing/highscores]
in SYSTEMPATH\Database\BaseConnection.php on line 676.
 1 APPPATH\Models\AttemptModel.php(32): CodeIgniter\Database\BaseConnection->query('SELECT u.username, MAX(a.wpm) as best_wpm, MAX(a.accuracy) as best_accuracy
                FROM attempts a
                JOIN users u ON u.id = a.user_id
                GROUP BY a.user_id
                ORDER BY best_wpm DESC
                LIMIT :limit:', [...])
 2 APPPATH\Controllers\Typing.php(143): App\Models\AttemptModel->getHighScores(50)
 3 SYSTEMPATH\CodeIgniter.php(933): App\Controllers\Typing->highscores()
 4 SYSTEMPATH\CodeIgniter.php(509): CodeIgniter\CodeIgniter->runController(Object(App\Controllers\Typing))
 5 SYSTEMPATH\CodeIgniter.php(355): CodeIgniter\CodeIgniter->handleRequest(null, Object(Config\Cache), false)
 6 SYSTEMPATH\Boot.php(312): CodeIgniter\CodeIgniter->run()
 7 SYSTEMPATH\Boot.php(67): CodeIgniter\Boot::runCodeIgniter(Object(CodeIgniter\CodeIgniter))
 8 FCPATH\index.php(56): CodeIgniter\Boot::bootWeb(Object(Config\Paths))
CRITICAL - 2026-06-12 07:33:35 --> [Caused by] CodeIgniter\Database\Exceptions\DatabaseException: Table 'db_fgi_portal_v3.attempts' doesn't exist
in SYSTEMPATH\Database\MySQLi\Connection.php on line 313.
 1 SYSTEMPATH\Database\BaseConnection.php(722): CodeIgniter\Database\MySQLi\Connection->execute('SELECT u.username, MAX(a.wpm) as best_wpm, MAX(a.accuracy) as best_accuracy
                FROM attempts a
                JOIN users u ON u.id = a.user_id
                GROUP BY a.user_id
                ORDER BY best_wpm DESC
                LIMIT 50')
 2 SYSTEMPATH\Database\BaseConnection.php(636): CodeIgniter\Database\BaseConnection->simpleQuery('SELECT u.username, MAX(a.wpm) as best_wpm, MAX(a.accuracy) as best_accuracy
                FROM attempts a
                JOIN users u ON u.id = a.user_id
                GROUP BY a.user_id
                ORDER BY best_wpm DESC
                LIMIT 50')
 3 APPPATH\Models\AttemptModel.php(32): CodeIgniter\Database\BaseConnection->query('SELECT u.username, MAX(a.wpm) as best_wpm, MAX(a.accuracy) as best_accuracy
                FROM attempts a
                JOIN users u ON u.id = a.user_id
                GROUP BY a.user_id
                ORDER BY best_wpm DESC
                LIMIT :limit:', [...])
 4 APPPATH\Controllers\Typing.php(143): App\Models\AttemptModel->getHighScores(50)
 5 SYSTEMPATH\CodeIgniter.php(933): App\Controllers\Typing->highscores()
 6 SYSTEMPATH\CodeIgniter.php(509): CodeIgniter\CodeIgniter->runController(Object(App\Controllers\Typing))
 7 SYSTEMPATH\CodeIgniter.php(355): CodeIgniter\CodeIgniter->handleRequest(null, Object(Config\Cache), false)
 8 SYSTEMPATH\Boot.php(312): CodeIgniter\CodeIgniter->run()
 9 SYSTEMPATH\Boot.php(67): CodeIgniter\Boot::runCodeIgniter(Object(CodeIgniter\CodeIgniter))
10 FCPATH\index.php(56): CodeIgniter\Boot::bootWeb(Object(Config\Paths))
CRITICAL - 2026-06-12 07:33:35 --> [Caused by] mysqli_sql_exception: Table 'db_fgi_portal_v3.attempts' doesn't exist
in SYSTEMPATH\Database\MySQLi\Connection.php on line 308.
 1 SYSTEMPATH\Database\MySQLi\Connection.php(308): mysqli->query('SELECT u.username, MAX(a.wpm) as best_wpm, MAX(a.accuracy) as best_accuracy
                FROM attempts a
                JOIN users u ON u.id = a.user_id
                GROUP BY a.user_id
                ORDER BY best_wpm DESC
                LIMIT 50', 0)
 2 SYSTEMPATH\Database\BaseConnection.php(722): CodeIgniter\Database\MySQLi\Connection->execute('SELECT u.username, MAX(a.wpm) as best_wpm, MAX(a.accuracy) as best_accuracy
                FROM attempts a
                JOIN users u ON u.id = a.user_id
                GROUP BY a.user_id
                ORDER BY best_wpm DESC
                LIMIT 50')
 3 SYSTEMPATH\Database\BaseConnection.php(636): CodeIgniter\Database\BaseConnection->simpleQuery('SELECT u.username, MAX(a.wpm) as best_wpm, MAX(a.accuracy) as best_accuracy
                FROM attempts a
                JOIN users u ON u.id = a.user_id
                GROUP BY a.user_id
                ORDER BY best_wpm DESC
                LIMIT 50')
 4 APPPATH\Models\AttemptModel.php(32): CodeIgniter\Database\BaseConnection->query('SELECT u.username, MAX(a.wpm) as best_wpm, MAX(a.accuracy) as best_accuracy
                FROM attempts a
                JOIN users u ON u.id = a.user_id
                GROUP BY a.user_id
                ORDER BY best_wpm DESC
                LIMIT :limit:', [...])
 5 APPPATH\Controllers\Typing.php(143): App\Models\AttemptModel->getHighScores(50)
 6 SYSTEMPATH\CodeIgniter.php(933): App\Controllers\Typing->highscores()
 7 SYSTEMPATH\CodeIgniter.php(509): CodeIgniter\CodeIgniter->runController(Object(App\Controllers\Typing))
 8 SYSTEMPATH\CodeIgniter.php(355): CodeIgniter\CodeIgniter->handleRequest(null, Object(Config\Cache), false)
 9 SYSTEMPATH\Boot.php(312): CodeIgniter\CodeIgniter->run()
10 SYSTEMPATH\Boot.php(67): CodeIgniter\Boot::runCodeIgniter(Object(CodeIgniter\CodeIgniter))
11 FCPATH\index.php(56): CodeIgniter\Boot::bootWeb(Object(Config\Paths))
INFO - 2026-06-12 07:33:55 --> Session: Class initialized using 'CodeIgniter\Session\Handlers\FileHandler' driver.
ERROR - 2026-06-12 07:33:55 --> mysqli_sql_exception: Table 'db_fgi_portal_v3.users' doesn't exist in C:\xampp\htdocs\portal-fgroupindonesia\system\Database\MySQLi\Connection.php:308
Stack trace:
#0 C:\xampp\htdocs\portal-fgroupindonesia\system\Database\MySQLi\Connection.php(308): mysqli->query('SELECT u.userna...', 0)
#1 C:\xampp\htdocs\portal-fgroupindonesia\system\Database\BaseConnection.php(722): CodeIgniter\Database\MySQLi\Connection->execute('SELECT u.userna...')
#2 C:\xampp\htdocs\portal-fgroupindonesia\system\Database\BaseConnection.php(636): CodeIgniter\Database\BaseConnection->simpleQuery('SELECT u.userna...')
#3 C:\xampp\htdocs\portal-fgroupindonesia\app\Models\AttemptModel.php(32): CodeIgniter\Database\BaseConnection->query('SELECT u.userna...', Array)
#4 C:\xampp\htdocs\portal-fgroupindonesia\app\Controllers\Typing.php(143): App\Models\AttemptModel->getHighScores(50)
#5 C:\xampp\htdocs\portal-fgroupindonesia\system\CodeIgniter.php(933): App\Controllers\Typing->highscores()
#6 C:\xampp\htdocs\portal-fgroupindonesia\system\CodeIgniter.php(509): CodeIgniter\CodeIgniter->runController(Object(App\Controllers\Typing))
#7 C:\xampp\htdocs\portal-fgroupindonesia\system\CodeIgniter.php(355): CodeIgniter\CodeIgniter->handleRequest(NULL, Object(Config\Cache), false)
#8 C:\xampp\htdocs\portal-fgroupindonesia\system\Boot.php(312): CodeIgniter\CodeIgniter->run()
#9 C:\xampp\htdocs\portal-fgroupindonesia\system\Boot.php(67): CodeIgniter\Boot::runCodeIgniter(Object(CodeIgniter\CodeIgniter))
#10 C:\xampp\htdocs\portal-fgroupindonesia\public\index.php(56): CodeIgniter\Boot::bootWeb(Object(Config\Paths))
#11 {main}
CRITICAL - 2026-06-12 07:33:55 --> CodeIgniter\Database\Exceptions\DatabaseException: Table 'db_fgi_portal_v3.users' doesn't exist
[Method: GET, Route: exercise/typing/highscores]
in SYSTEMPATH\Database\BaseConnection.php on line 676.
 1 APPPATH\Models\AttemptModel.php(32): CodeIgniter\Database\BaseConnection->query('SELECT u.username, MAX(a.wpm) as best_wpm, MAX(a.accuracy) as best_accuracy
                FROM table_attempts a
                JOIN users u ON u.id = a.user_id
                GROUP BY a.user_id
                ORDER BY best_wpm DESC
                LIMIT :limit:', [...])
 2 APPPATH\Controllers\Typing.php(143): App\Models\AttemptModel->getHighScores(50)
 3 SYSTEMPATH\CodeIgniter.php(933): App\Controllers\Typing->highscores()
 4 SYSTEMPATH\CodeIgniter.php(509): CodeIgniter\CodeIgniter->runController(Object(App\Controllers\Typing))
 5 SYSTEMPATH\CodeIgniter.php(355): CodeIgniter\CodeIgniter->handleRequest(null, Object(Config\Cache), false)
 6 SYSTEMPATH\Boot.php(312): CodeIgniter\CodeIgniter->run()
 7 SYSTEMPATH\Boot.php(67): CodeIgniter\Boot::runCodeIgniter(Object(CodeIgniter\CodeIgniter))
 8 FCPATH\index.php(56): CodeIgniter\Boot::bootWeb(Object(Config\Paths))
CRITICAL - 2026-06-12 07:33:55 --> [Caused by] CodeIgniter\Database\Exceptions\DatabaseException: Table 'db_fgi_portal_v3.users' doesn't exist
in SYSTEMPATH\Database\MySQLi\Connection.php on line 313.
 1 SYSTEMPATH\Database\BaseConnection.php(722): CodeIgniter\Database\MySQLi\Connection->execute('SELECT u.username, MAX(a.wpm) as best_wpm, MAX(a.accuracy) as best_accuracy
                FROM table_attempts a
                JOIN users u ON u.id = a.user_id
                GROUP BY a.user_id
                ORDER BY best_wpm DESC
                LIMIT 50')
 2 SYSTEMPATH\Database\BaseConnection.php(636): CodeIgniter\Database\BaseConnection->simpleQuery('SELECT u.username, MAX(a.wpm) as best_wpm, MAX(a.accuracy) as best_accuracy
                FROM table_attempts a
                JOIN users u ON u.id = a.user_id
                GROUP BY a.user_id
                ORDER BY best_wpm DESC
                LIMIT 50')
 3 APPPATH\Models\AttemptModel.php(32): CodeIgniter\Database\BaseConnection->query('SELECT u.username, MAX(a.wpm) as best_wpm, MAX(a.accuracy) as best_accuracy
                FROM table_attempts a
                JOIN users u ON u.id = a.user_id
                GROUP BY a.user_id
                ORDER BY best_wpm DESC
                LIMIT :limit:', [...])
 4 APPPATH\Controllers\Typing.php(143): App\Models\AttemptModel->getHighScores(50)
 5 SYSTEMPATH\CodeIgniter.php(933): App\Controllers\Typing->highscores()
 6 SYSTEMPATH\CodeIgniter.php(509): CodeIgniter\CodeIgniter->runController(Object(App\Controllers\Typing))
 7 SYSTEMPATH\CodeIgniter.php(355): CodeIgniter\CodeIgniter->handleRequest(null, Object(Config\Cache), false)
 8 SYSTEMPATH\Boot.php(312): CodeIgniter\CodeIgniter->run()
 9 SYSTEMPATH\Boot.php(67): CodeIgniter\Boot::runCodeIgniter(Object(CodeIgniter\CodeIgniter))
10 FCPATH\index.php(56): CodeIgniter\Boot::bootWeb(Object(Config\Paths))
CRITICAL - 2026-06-12 07:33:55 --> [Caused by] mysqli_sql_exception: Table 'db_fgi_portal_v3.users' doesn't exist
in SYSTEMPATH\Database\MySQLi\Connection.php on line 308.
 1 SYSTEMPATH\Database\MySQLi\Connection.php(308): mysqli->query('SELECT u.username, MAX(a.wpm) as best_wpm, MAX(a.accuracy) as best_accuracy
                FROM table_attempts a
                JOIN users u ON u.id = a.user_id
                GROUP BY a.user_id
                ORDER BY best_wpm DESC
                LIMIT 50', 0)
 2 SYSTEMPATH\Database\BaseConnection.php(722): CodeIgniter\Database\MySQLi\Connection->execute('SELECT u.username, MAX(a.wpm) as best_wpm, MAX(a.accuracy) as best_accuracy
                FROM table_attempts a
                JOIN users u ON u.id = a.user_id
                GROUP BY a.user_id
                ORDER BY best_wpm DESC
                LIMIT 50')
 3 SYSTEMPATH\Database\BaseConnection.php(636): CodeIgniter\Database\BaseConnection->simpleQuery('SELECT u.username, MAX(a.wpm) as best_wpm, MAX(a.accuracy) as best_accuracy
                FROM table_attempts a
                JOIN users u ON u.id = a.user_id
                GROUP BY a.user_id
                ORDER BY best_wpm DESC
                LIMIT 50')
 4 APPPATH\Models\AttemptModel.php(32): CodeIgniter\Database\BaseConnection->query('SELECT u.username, MAX(a.wpm) as best_wpm, MAX(a.accuracy) as best_accuracy
                FROM table_attempts a
                JOIN users u ON u.id = a.user_id
                GROUP BY a.user_id
                ORDER BY best_wpm DESC
                LIMIT :limit:', [...])
 5 APPPATH\Controllers\Typing.php(143): App\Models\AttemptModel->getHighScores(50)
 6 SYSTEMPATH\CodeIgniter.php(933): App\Controllers\Typing->highscores()
 7 SYSTEMPATH\CodeIgniter.php(509): CodeIgniter\CodeIgniter->runController(Object(App\Controllers\Typing))
 8 SYSTEMPATH\CodeIgniter.php(355): CodeIgniter\CodeIgniter->handleRequest(null, Object(Config\Cache), false)
 9 SYSTEMPATH\Boot.php(312): CodeIgniter\CodeIgniter->run()
10 SYSTEMPATH\Boot.php(67): CodeIgniter\Boot::runCodeIgniter(Object(CodeIgniter\CodeIgniter))
11 FCPATH\index.php(56): CodeIgniter\Boot::bootWeb(Object(Config\Paths))
INFO - 2026-06-12 07:34:06 --> Session: Class initialized using 'CodeIgniter\Session\Handlers\FileHandler' driver.
INFO - 2026-06-12 07:34:09 --> Session: Class initialized using 'CodeIgniter\Session\Handlers\FileHandler' driver.
INFO - 2026-06-12 07:34:11 --> Session: Class initialized using 'CodeIgniter\Session\Handlers\FileHandler' driver.
INFO - 2026-06-12 07:34:15 --> Session: Class initialized using 'CodeIgniter\Session\Handlers\FileHandler' driver.
INFO - 2026-06-12 07:34:16 --> Session: Class initialized using 'CodeIgniter\Session\Handlers\FileHandler' driver.
INFO - 2026-06-12 07:34:17 --> Session: Class initialized using 'CodeIgniter\Session\Handlers\FileHandler' driver.
INFO - 2026-06-12 07:34:18 --> Session: Class initialized using 'CodeIgniter\Session\Handlers\FileHandler' driver.
INFO - 2026-06-12 07:34:22 --> Session: Class initialized using 'CodeIgniter\Session\Handlers\FileHandler' driver.
INFO - 2026-06-12 07:34:23 --> Session: Class initialized using 'CodeIgniter\Session\Handlers\FileHandler' driver.
INFO - 2026-06-12 07:34:25 --> Session: Class initialized using 'CodeIgniter\Session\Handlers\FileHandler' driver.
INFO - 2026-06-12 07:34:26 --> Session: Class initialized using 'CodeIgniter\Session\Handlers\FileHandler' driver.
INFO - 2026-06-12 07:34:29 --> Session: Class initialized using 'CodeIgniter\Session\Handlers\FileHandler' driver.
INFO - 2026-06-12 07:34:30 --> Session: Class initialized using 'CodeIgniter\Session\Handlers\FileHandler' driver.
INFO - 2026-06-12 07:34:33 --> Session: Class initialized using 'CodeIgniter\Session\Handlers\FileHandler' driver.
INFO - 2026-06-12 07:34:33 --> Session: Class initialized using 'CodeIgniter\Session\Handlers\FileHandler' driver.
INFO - 2026-06-12 07:34:37 --> Session: Class initialized using 'CodeIgniter\Session\Handlers\FileHandler' driver.
INFO - 2026-06-12 07:34:38 --> Session: Class initialized using 'CodeIgniter\Session\Handlers\FileHandler' driver.
INFO - 2026-06-12 07:34:39 --> Session: Class initialized using 'CodeIgniter\Session\Handlers\FileHandler' driver.
INFO - 2026-06-12 07:36:29 --> Session: Class initialized using 'CodeIgniter\Session\Handlers\FileHandler' driver.
INFO - 2026-06-12 07:36:31 --> Session: Class initialized using 'CodeIgniter\Session\Handlers\FileHandler' driver.
INFO - 2026-06-12 07:36:47 --> Session: Class initialized using 'CodeIgniter\Session\Handlers\FileHandler' driver.
INFO - 2026-06-12 07:36:50 --> Session: Class initialized using 'CodeIgniter\Session\Handlers\FileHandler' driver.
INFO - 2026-06-12 07:38:13 --> Session: Class initialized using 'CodeIgniter\Session\Handlers\FileHandler' driver.
INFO - 2026-06-12 07:38:14 --> Session: Class initialized using 'CodeIgniter\Session\Handlers\FileHandler' driver.
INFO - 2026-06-12 07:38:29 --> Session: Class initialized using 'CodeIgniter\Session\Handlers\FileHandler' driver.
INFO - 2026-06-12 07:38:37 --> Session: Class initialized using 'CodeIgniter\Session\Handlers\FileHandler' driver.
INFO - 2026-06-12 07:38:39 --> Session: Class initialized using 'CodeIgniter\Session\Handlers\FileHandler' driver.
INFO - 2026-06-12 07:38:41 --> Session: Class initialized using 'CodeIgniter\Session\Handlers\FileHandler' driver.
INFO - 2026-06-12 07:38:50 --> Session: Class initialized using 'CodeIgniter\Session\Handlers\FileHandler' driver.
INFO - 2026-06-12 07:38:54 --> Session: Class initialized using 'CodeIgniter\Session\Handlers\FileHandler' driver.
INFO - 2026-06-12 07:38:58 --> Session: Class initialized using 'CodeIgniter\Session\Handlers\FileHandler' driver.
INFO - 2026-06-12 07:38:59 --> Session: Class initialized using 'CodeIgniter\Session\Handlers\FileHandler' driver.
INFO - 2026-06-12 07:40:34 --> Session: Class initialized using 'CodeIgniter\Session\Handlers\FileHandler' driver.
INFO - 2026-06-12 07:40:43 --> Session: Class initialized using 'CodeIgniter\Session\Handlers\FileHandler' driver.
INFO - 2026-06-12 07:40:47 --> Session: Class initialized using 'CodeIgniter\Session\Handlers\FileHandler' driver.
INFO - 2026-06-12 07:40:52 --> Session: Class initialized using 'CodeIgniter\Session\Handlers\FileHandler' driver.
INFO - 2026-06-12 07:41:55 --> Session: Class initialized using 'CodeIgniter\Session\Handlers\FileHandler' driver.
INFO - 2026-06-12 07:42:02 --> Session: Class initialized using 'CodeIgniter\Session\Handlers\FileHandler' driver.
INFO - 2026-06-12 07:42:06 --> Session: Class initialized using 'CodeIgniter\Session\Handlers\FileHandler' driver.
INFO - 2026-06-12 07:42:08 --> Session: Class initialized using 'CodeIgniter\Session\Handlers\FileHandler' driver.
INFO - 2026-06-12 07:52:31 --> Session: Class initialized using 'CodeIgniter\Session\Handlers\FileHandler' driver.
INFO - 2026-06-12 07:52:42 --> Session: Class initialized using 'CodeIgniter\Session\Handlers\FileHandler' driver.
INFO - 2026-06-12 07:53:06 --> Session: Class initialized using 'CodeIgniter\Session\Handlers\FileHandler' driver.
INFO - 2026-06-12 07:53:07 --> Session: Class initialized using 'CodeIgniter\Session\Handlers\FileHandler' driver.
INFO - 2026-06-12 07:53:09 --> Session: Class initialized using 'CodeIgniter\Session\Handlers\FileHandler' driver.
INFO - 2026-06-12 08:01:08 --> Session: Class initialized using 'CodeIgniter\Session\Handlers\FileHandler' driver.
INFO - 2026-06-12 08:01:30 --> Session: Class initialized using 'CodeIgniter\Session\Handlers\FileHandler' driver.
INFO - 2026-06-12 08:08:16 --> Session: Class initialized using 'CodeIgniter\Session\Handlers\FileHandler' driver.
INFO - 2026-06-12 08:08:35 --> Session: Class initialized using 'CodeIgniter\Session\Handlers\FileHandler' driver.
INFO - 2026-06-12 08:11:21 --> Session: Class initialized using 'CodeIgniter\Session\Handlers\FileHandler' driver.
INFO - 2026-06-12 08:11:37 --> Session: Class initialized using 'CodeIgniter\Session\Handlers\FileHandler' driver.
INFO - 2026-06-12 08:11:38 --> Session: Class initialized using 'CodeIgniter\Session\Handlers\FileHandler' driver.
INFO - 2026-06-12 08:11:39 --> Session: Class initialized using 'CodeIgniter\Session\Handlers\FileHandler' driver.
INFO - 2026-06-12 08:11:45 --> Session: Class initialized using 'CodeIgniter\Session\Handlers\FileHandler' driver.
INFO - 2026-06-12 08:22:25 --> Session: Class initialized using 'CodeIgniter\Session\Handlers\FileHandler' driver.
INFO - 2026-06-12 08:22:32 --> Session: Class initialized using 'CodeIgniter\Session\Handlers\FileHandler' driver.
INFO - 2026-06-12 08:22:35 --> Session: Class initialized using 'CodeIgniter\Session\Handlers\FileHandler' driver.
INFO - 2026-06-12 08:22:42 --> Session: Class initialized using 'CodeIgniter\Session\Handlers\FileHandler' driver.
INFO - 2026-06-12 08:22:46 --> Session: Class initialized using 'CodeIgniter\Session\Handlers\FileHandler' driver.
INFO - 2026-06-12 08:27:55 --> Session: Class initialized using 'CodeIgniter\Session\Handlers\FileHandler' driver.
INFO - 2026-06-12 08:28:02 --> Session: Class initialized using 'CodeIgniter\Session\Handlers\FileHandler' driver.
INFO - 2026-06-12 08:28:07 --> Session: Class initialized using 'CodeIgniter\Session\Handlers\FileHandler' driver.
INFO - 2026-06-12 08:28:17 --> Session: Class initialized using 'CodeIgniter\Session\Handlers\FileHandler' driver.
INFO - 2026-06-12 08:29:17 --> Session: Class initialized using 'CodeIgniter\Session\Handlers\FileHandler' driver.
INFO - 2026-06-12 08:29:39 --> Session: Class initialized using 'CodeIgniter\Session\Handlers\FileHandler' driver.
INFO - 2026-06-12 08:30:56 --> Session: Class initialized using 'CodeIgniter\Session\Handlers\FileHandler' driver.
INFO - 2026-06-12 08:30:57 --> Session: Class initialized using 'CodeIgniter\Session\Handlers\FileHandler' driver.
INFO - 2026-06-12 08:30:58 --> Session: Class initialized using 'CodeIgniter\Session\Handlers\FileHandler' driver.
INFO - 2026-06-12 08:31:01 --> Session: Class initialized using 'CodeIgniter\Session\Handlers\FileHandler' driver.
INFO - 2026-06-12 08:31:07 --> Session: Class initialized using 'CodeIgniter\Session\Handlers\FileHandler' driver.
