INFO - 2026-06-22 12:10:49 --> Session: Class initialized using 'CodeIgniter\Session\Handlers\FileHandler' driver.
INFO - 2026-06-22 12:13:31 --> Session: Class initialized using 'CodeIgniter\Session\Handlers\FileHandler' driver.
INFO - 2026-06-22 12:13:31 --> Session: Class initialized using 'CodeIgniter\Session\Handlers\FileHandler' driver.
INFO - 2026-06-22 12:13:57 --> Session: Class initialized using 'CodeIgniter\Session\Handlers\FileHandler' driver.
INFO - 2026-06-22 12:37:38 --> Session: Class initialized using 'CodeIgniter\Session\Handlers\FileHandler' driver.
CRITICAL - 2026-06-22 12:37:38 --> CodeIgniter\View\Exceptions\ViewException: Invalid file: "typing/home.php"
[Method: GET, Route: exercise/typing]
in SYSTEMPATH\Exceptions\FrameworkException.php on line 41.
 1 SYSTEMPATH\View\View.php(222): CodeIgniter\Exceptions\FrameworkException::forInvalidFile('typing/home.php')
 2 SYSTEMPATH\Common.php(1171): CodeIgniter\View\View->render('typing/home', [], true)
 3 APPPATH\Controllers\Typing.php(32): view('typing/home', [...])
 4 SYSTEMPATH\CodeIgniter.php(933): App\Controllers\Typing->index()
 5 SYSTEMPATH\CodeIgniter.php(509): CodeIgniter\CodeIgniter->runController(Object(App\Controllers\Typing))
 6 SYSTEMPATH\CodeIgniter.php(355): CodeIgniter\CodeIgniter->handleRequest(null, Object(Config\Cache), false)
 7 SYSTEMPATH\Boot.php(312): CodeIgniter\CodeIgniter->run()
 8 SYSTEMPATH\Boot.php(67): CodeIgniter\Boot::runCodeIgniter(Object(CodeIgniter\CodeIgniter))
 9 FCPATH\index.php(56): CodeIgniter\Boot::bootWeb(Object(Config\Paths))
INFO - 2026-06-22 12:39:00 --> Session: Class initialized using 'CodeIgniter\Session\Handlers\FileHandler' driver.
CRITICAL - 2026-06-22 12:39:00 --> ErrorException: Undefined variable $usertype
[Method: GET, Route: exercise/typing]
in APPPATH\Views\typing\home.php on line 6.
 1 APPPATH\Views\typing\home.php(6): CodeIgniter\Debug\Exceptions->errorHandler(2, 'Undefined variable $usertype', 'C:\\xampp\\htdocs\\portal-fgroupindonesia\\app\\Views\\typing\\home.php', 6)
 2 SYSTEMPATH\View\View.php(234): include('C:\\xampp\\htdocs\\portal-fgroupindonesia\\app\\Views\\typing\\home.php')
 3 SYSTEMPATH\View\View.php(237): CodeIgniter\View\View->CodeIgniter\View\{closure}()
 4 SYSTEMPATH\Common.php(1171): CodeIgniter\View\View->render('typing/home', [], true)
 5 APPPATH\Controllers\Typing.php(32): view('typing/home', [...])
 6 SYSTEMPATH\CodeIgniter.php(933): App\Controllers\Typing->index()
 7 SYSTEMPATH\CodeIgniter.php(509): CodeIgniter\CodeIgniter->runController(Object(App\Controllers\Typing))
 8 SYSTEMPATH\CodeIgniter.php(355): CodeIgniter\CodeIgniter->handleRequest(null, Object(Config\Cache), false)
 9 SYSTEMPATH\Boot.php(312): CodeIgniter\CodeIgniter->run()
10 SYSTEMPATH\Boot.php(67): CodeIgniter\Boot::runCodeIgniter(Object(CodeIgniter\CodeIgniter))
11 FCPATH\index.php(56): CodeIgniter\Boot::bootWeb(Object(Config\Paths))
INFO - 2026-06-22 12:39:46 --> Session: Class initialized using 'CodeIgniter\Session\Handlers\FileHandler' driver.
CRITICAL - 2026-06-22 12:39:46 --> ErrorException: include(nav_menu_upper.php): Failed to open stream: No such file or directory
[Method: GET, Route: exercise/typing]
in APPPATH\Views\typing\home.php on line 35.
 1 APPPATH\Views\typing\home.php(35): CodeIgniter\Debug\Exceptions->errorHandler(2, 'include(nav_menu_upper.php): Failed to open stream: No such file or directory', 'C:\\xampp\\htdocs\\portal-fgroupindonesia\\app\\Views\\typing\\home.php', 35)
 2 APPPATH\Views\typing\home.php(35): include()
 3 SYSTEMPATH\View\View.php(234): include('C:\\xampp\\htdocs\\portal-fgroupindonesia\\app\\Views\\typing\\home.php')
 4 SYSTEMPATH\View\View.php(237): CodeIgniter\View\View->CodeIgniter\View\{closure}()
 5 SYSTEMPATH\Common.php(1171): CodeIgniter\View\View->render('typing/home', [], true)
 6 APPPATH\Controllers\Typing.php(38): view('typing/home', [...])
 7 SYSTEMPATH\CodeIgniter.php(933): App\Controllers\Typing->index()
 8 SYSTEMPATH\CodeIgniter.php(509): CodeIgniter\CodeIgniter->runController(Object(App\Controllers\Typing))
 9 SYSTEMPATH\CodeIgniter.php(355): CodeIgniter\CodeIgniter->handleRequest(null, Object(Config\Cache), false)
10 SYSTEMPATH\Boot.php(312): CodeIgniter\CodeIgniter->run()
11 SYSTEMPATH\Boot.php(67): CodeIgniter\Boot::runCodeIgniter(Object(CodeIgniter\CodeIgniter))
12 FCPATH\index.php(56): CodeIgniter\Boot::bootWeb(Object(Config\Paths))
INFO - 2026-06-22 12:53:05 --> Session: Class initialized using 'CodeIgniter\Session\Handlers\FileHandler' driver.
CRITICAL - 2026-06-22 12:53:05 --> ErrorException: include(../nav_menu_upper.php): Failed to open stream: No such file or directory
[Method: GET, Route: exercise/typing]
in APPPATH\Views\typing\home.php on line 35.
 1 APPPATH\Views\typing\home.php(35): CodeIgniter\Debug\Exceptions->errorHandler(2, 'include(../nav_menu_upper.php): Failed to open stream: No such file or directory', 'C:\\xampp\\htdocs\\portal-fgroupindonesia\\app\\Views\\typing\\home.php', 35)
 2 APPPATH\Views\typing\home.php(35): include()
 3 SYSTEMPATH\View\View.php(234): include('C:\\xampp\\htdocs\\portal-fgroupindonesia\\app\\Views\\typing\\home.php')
 4 SYSTEMPATH\View\View.php(237): CodeIgniter\View\View->CodeIgniter\View\{closure}()
 5 SYSTEMPATH\Common.php(1171): CodeIgniter\View\View->render('typing/home', [], true)
 6 APPPATH\Controllers\Typing.php(38): view('typing/home', [...])
 7 SYSTEMPATH\CodeIgniter.php(933): App\Controllers\Typing->index()
 8 SYSTEMPATH\CodeIgniter.php(509): CodeIgniter\CodeIgniter->runController(Object(App\Controllers\Typing))
 9 SYSTEMPATH\CodeIgniter.php(355): CodeIgniter\CodeIgniter->handleRequest(null, Object(Config\Cache), false)
10 SYSTEMPATH\Boot.php(312): CodeIgniter\CodeIgniter->run()
11 SYSTEMPATH\Boot.php(67): CodeIgniter\Boot::runCodeIgniter(Object(CodeIgniter\CodeIgniter))
12 FCPATH\index.php(56): CodeIgniter\Boot::bootWeb(Object(Config\Paths))
INFO - 2026-06-22 12:57:07 --> Session: Class initialized using 'CodeIgniter\Session\Handlers\FileHandler' driver.
CRITICAL - 2026-06-22 12:57:07 --> ErrorException: Undefined variable $total_data_chat
[Method: GET, Route: exercise/typing]
in APPPATH\Views\nav_menu_upper.php on line 23.
 1 APPPATH\Views\nav_menu_upper.php(23): CodeIgniter\Debug\Exceptions->errorHandler(2, 'Undefined variable $total_data_chat', 'C:\\xampp\\htdocs\\portal-fgroupindonesia\\app\\Views\\nav_menu_upper.php', 23)
 2 SYSTEMPATH\View\View.php(234): include('C:\\xampp\\htdocs\\portal-fgroupindonesia\\app\\Views\\nav_menu_upper.php')
 3 SYSTEMPATH\View\View.php(237): CodeIgniter\View\View->CodeIgniter\View\{closure}()
 4 SYSTEMPATH\Common.php(1171): CodeIgniter\View\View->render('nav_menu_upper', [], true)
 5 APPPATH\Views\typing\home.php(35): view('nav_menu_upper')
 6 SYSTEMPATH\View\View.php(234): include('C:\\xampp\\htdocs\\portal-fgroupindonesia\\app\\Views\\typing\\home.php')
 7 SYSTEMPATH\View\View.php(237): CodeIgniter\View\View->CodeIgniter\View\{closure}()
 8 SYSTEMPATH\Common.php(1171): CodeIgniter\View\View->render('typing/home', [], true)
 9 APPPATH\Controllers\Typing.php(38): view('typing/home', [...])
10 SYSTEMPATH\CodeIgniter.php(933): App\Controllers\Typing->index()
11 SYSTEMPATH\CodeIgniter.php(509): CodeIgniter\CodeIgniter->runController(Object(App\Controllers\Typing))
12 SYSTEMPATH\CodeIgniter.php(355): CodeIgniter\CodeIgniter->handleRequest(null, Object(Config\Cache), false)
13 SYSTEMPATH\Boot.php(312): CodeIgniter\CodeIgniter->run()
14 SYSTEMPATH\Boot.php(67): CodeIgniter\Boot::runCodeIgniter(Object(CodeIgniter\CodeIgniter))
15 FCPATH\index.php(56): CodeIgniter\Boot::bootWeb(Object(Config\Paths))
INFO - 2026-06-22 12:58:05 --> Session: Class initialized using 'CodeIgniter\Session\Handlers\FileHandler' driver.
CRITICAL - 2026-06-22 12:58:05 --> ErrorException: Undefined variable $total_data_notification
[Method: GET, Route: exercise/typing]
in APPPATH\Views\nav_menu_upper.php on line 63.
 1 APPPATH\Views\nav_menu_upper.php(63): CodeIgniter\Debug\Exceptions->errorHandler(2, 'Undefined variable $total_data_notification', 'C:\\xampp\\htdocs\\portal-fgroupindonesia\\app\\Views\\nav_menu_upper.php', 63)
 2 SYSTEMPATH\View\View.php(234): include('C:\\xampp\\htdocs\\portal-fgroupindonesia\\app\\Views\\nav_menu_upper.php')
 3 SYSTEMPATH\View\View.php(237): CodeIgniter\View\View->CodeIgniter\View\{closure}()
 4 SYSTEMPATH\Common.php(1171): CodeIgniter\View\View->render('nav_menu_upper', [], true)
 5 APPPATH\Views\typing\home.php(35): view('nav_menu_upper')
 6 SYSTEMPATH\View\View.php(234): include('C:\\xampp\\htdocs\\portal-fgroupindonesia\\app\\Views\\typing\\home.php')
 7 SYSTEMPATH\View\View.php(237): CodeIgniter\View\View->CodeIgniter\View\{closure}()
 8 SYSTEMPATH\Common.php(1171): CodeIgniter\View\View->render('typing/home', [], true)
 9 APPPATH\Controllers\Typing.php(39): view('typing/home', [...])
10 SYSTEMPATH\CodeIgniter.php(933): App\Controllers\Typing->index()
11 SYSTEMPATH\CodeIgniter.php(509): CodeIgniter\CodeIgniter->runController(Object(App\Controllers\Typing))
12 SYSTEMPATH\CodeIgniter.php(355): CodeIgniter\CodeIgniter->handleRequest(null, Object(Config\Cache), false)
13 SYSTEMPATH\Boot.php(312): CodeIgniter\CodeIgniter->run()
14 SYSTEMPATH\Boot.php(67): CodeIgniter\Boot::runCodeIgniter(Object(CodeIgniter\CodeIgniter))
15 FCPATH\index.php(56): CodeIgniter\Boot::bootWeb(Object(Config\Paths))
INFO - 2026-06-22 12:58:11 --> Session: Class initialized using 'CodeIgniter\Session\Handlers\FileHandler' driver.
CRITICAL - 2026-06-22 12:58:11 --> ErrorException: Undefined variable $total_data_notification
[Method: GET, Route: exercise/typing]
in APPPATH\Views\nav_menu_upper.php on line 63.
 1 APPPATH\Views\nav_menu_upper.php(63): CodeIgniter\Debug\Exceptions->errorHandler(2, 'Undefined variable $total_data_notification', 'C:\\xampp\\htdocs\\portal-fgroupindonesia\\app\\Views\\nav_menu_upper.php', 63)
 2 SYSTEMPATH\View\View.php(234): include('C:\\xampp\\htdocs\\portal-fgroupindonesia\\app\\Views\\nav_menu_upper.php')
 3 SYSTEMPATH\View\View.php(237): CodeIgniter\View\View->CodeIgniter\View\{closure}()
 4 SYSTEMPATH\Common.php(1171): CodeIgniter\View\View->render('nav_menu_upper', [], true)
 5 APPPATH\Views\typing\home.php(35): view('nav_menu_upper')
 6 SYSTEMPATH\View\View.php(234): include('C:\\xampp\\htdocs\\portal-fgroupindonesia\\app\\Views\\typing\\home.php')
 7 SYSTEMPATH\View\View.php(237): CodeIgniter\View\View->CodeIgniter\View\{closure}()
 8 SYSTEMPATH\Common.php(1171): CodeIgniter\View\View->render('typing/home', [], true)
 9 APPPATH\Controllers\Typing.php(39): view('typing/home', [...])
10 SYSTEMPATH\CodeIgniter.php(933): App\Controllers\Typing->index()
11 SYSTEMPATH\CodeIgniter.php(509): CodeIgniter\CodeIgniter->runController(Object(App\Controllers\Typing))
12 SYSTEMPATH\CodeIgniter.php(355): CodeIgniter\CodeIgniter->handleRequest(null, Object(Config\Cache), false)
13 SYSTEMPATH\Boot.php(312): CodeIgniter\CodeIgniter->run()
14 SYSTEMPATH\Boot.php(67): CodeIgniter\Boot::runCodeIgniter(Object(CodeIgniter\CodeIgniter))
15 FCPATH\index.php(56): CodeIgniter\Boot::bootWeb(Object(Config\Paths))
INFO - 2026-06-22 13:03:11 --> Session: Class initialized using 'CodeIgniter\Session\Handlers\FileHandler' driver.
INFO - 2026-06-22 13:03:16 --> Session: Class initialized using 'CodeIgniter\Session\Handlers\FileHandler' driver.
INFO - 2026-06-22 13:03:17 --> Session: Class initialized using 'CodeIgniter\Session\Handlers\FileHandler' driver.
INFO - 2026-06-22 13:03:49 --> Session: Class initialized using 'CodeIgniter\Session\Handlers\FileHandler' driver.
INFO - 2026-06-22 13:03:52 --> Session: Class initialized using 'CodeIgniter\Session\Handlers\FileHandler' driver.
INFO - 2026-06-22 13:04:08 --> Session: Class initialized using 'CodeIgniter\Session\Handlers\FileHandler' driver.
CRITICAL - 2026-06-22 13:04:08 --> ErrorException: include(nav_menu_upper): Failed to open stream: No such file or directory
[Method: GET, Route: exercise/typing]
in APPPATH\Views\typing\home.php on line 35.
 1 APPPATH\Views\typing\home.php(35): CodeIgniter\Debug\Exceptions->errorHandler(2, 'include(nav_menu_upper): Failed to open stream: No such file or directory', 'C:\\xampp\\htdocs\\portal-fgroupindonesia\\app\\Views\\typing\\home.php', 35)
 2 APPPATH\Views\typing\home.php(35): include()
 3 SYSTEMPATH\View\View.php(234): include('C:\\xampp\\htdocs\\portal-fgroupindonesia\\app\\Views\\typing\\home.php')
 4 SYSTEMPATH\View\View.php(237): CodeIgniter\View\View->CodeIgniter\View\{closure}()
 5 SYSTEMPATH\Common.php(1171): CodeIgniter\View\View->render('typing/home', [], true)
 6 APPPATH\Controllers\Typing.php(38): view('typing/home', [...])
 7 SYSTEMPATH\CodeIgniter.php(933): App\Controllers\Typing->index()
 8 SYSTEMPATH\CodeIgniter.php(509): CodeIgniter\CodeIgniter->runController(Object(App\Controllers\Typing))
 9 SYSTEMPATH\CodeIgniter.php(355): CodeIgniter\CodeIgniter->handleRequest(null, Object(Config\Cache), false)
10 SYSTEMPATH\Boot.php(312): CodeIgniter\CodeIgniter->run()
11 SYSTEMPATH\Boot.php(67): CodeIgniter\Boot::runCodeIgniter(Object(CodeIgniter\CodeIgniter))
12 FCPATH\index.php(56): CodeIgniter\Boot::bootWeb(Object(Config\Paths))
INFO - 2026-06-22 13:04:14 --> Session: Class initialized using 'CodeIgniter\Session\Handlers\FileHandler' driver.
CRITICAL - 2026-06-22 13:04:15 --> ErrorException: include(../nav_menu_upper): Failed to open stream: No such file or directory
[Method: GET, Route: exercise/typing]
in APPPATH\Views\typing\home.php on line 35.
 1 APPPATH\Views\typing\home.php(35): CodeIgniter\Debug\Exceptions->errorHandler(2, 'include(../nav_menu_upper): Failed to open stream: No such file or directory', 'C:\\xampp\\htdocs\\portal-fgroupindonesia\\app\\Views\\typing\\home.php', 35)
 2 APPPATH\Views\typing\home.php(35): include()
 3 SYSTEMPATH\View\View.php(234): include('C:\\xampp\\htdocs\\portal-fgroupindonesia\\app\\Views\\typing\\home.php')
 4 SYSTEMPATH\View\View.php(237): CodeIgniter\View\View->CodeIgniter\View\{closure}()
 5 SYSTEMPATH\Common.php(1171): CodeIgniter\View\View->render('typing/home', [], true)
 6 APPPATH\Controllers\Typing.php(38): view('typing/home', [...])
 7 SYSTEMPATH\CodeIgniter.php(933): App\Controllers\Typing->index()
 8 SYSTEMPATH\CodeIgniter.php(509): CodeIgniter\CodeIgniter->runController(Object(App\Controllers\Typing))
 9 SYSTEMPATH\CodeIgniter.php(355): CodeIgniter\CodeIgniter->handleRequest(null, Object(Config\Cache), false)
10 SYSTEMPATH\Boot.php(312): CodeIgniter\CodeIgniter->run()
11 SYSTEMPATH\Boot.php(67): CodeIgniter\Boot::runCodeIgniter(Object(CodeIgniter\CodeIgniter))
12 FCPATH\index.php(56): CodeIgniter\Boot::bootWeb(Object(Config\Paths))
INFO - 2026-06-22 13:04:25 --> Session: Class initialized using 'CodeIgniter\Session\Handlers\FileHandler' driver.
CRITICAL - 2026-06-22 13:04:25 --> ErrorException: include(.../nav_menu_upper.php): Failed to open stream: No such file or directory
[Method: GET, Route: exercise/typing]
in APPPATH\Views\typing\home.php on line 35.
 1 APPPATH\Views\typing\home.php(35): CodeIgniter\Debug\Exceptions->errorHandler(2, 'include(.../nav_menu_upper.php): Failed to open stream: No such file or directory', 'C:\\xampp\\htdocs\\portal-fgroupindonesia\\app\\Views\\typing\\home.php', 35)
 2 APPPATH\Views\typing\home.php(35): include()
 3 SYSTEMPATH\View\View.php(234): include('C:\\xampp\\htdocs\\portal-fgroupindonesia\\app\\Views\\typing\\home.php')
 4 SYSTEMPATH\View\View.php(237): CodeIgniter\View\View->CodeIgniter\View\{closure}()
 5 SYSTEMPATH\Common.php(1171): CodeIgniter\View\View->render('typing/home', [], true)
 6 APPPATH\Controllers\Typing.php(38): view('typing/home', [...])
 7 SYSTEMPATH\CodeIgniter.php(933): App\Controllers\Typing->index()
 8 SYSTEMPATH\CodeIgniter.php(509): CodeIgniter\CodeIgniter->runController(Object(App\Controllers\Typing))
 9 SYSTEMPATH\CodeIgniter.php(355): CodeIgniter\CodeIgniter->handleRequest(null, Object(Config\Cache), false)
10 SYSTEMPATH\Boot.php(312): CodeIgniter\CodeIgniter->run()
11 SYSTEMPATH\Boot.php(67): CodeIgniter\Boot::runCodeIgniter(Object(CodeIgniter\CodeIgniter))
12 FCPATH\index.php(56): CodeIgniter\Boot::bootWeb(Object(Config\Paths))
INFO - 2026-06-22 13:04:28 --> Session: Class initialized using 'CodeIgniter\Session\Handlers\FileHandler' driver.
CRITICAL - 2026-06-22 13:04:28 --> ErrorException: include(../nav_menu_upper.php): Failed to open stream: No such file or directory
[Method: GET, Route: exercise/typing]
in APPPATH\Views\typing\home.php on line 35.
 1 APPPATH\Views\typing\home.php(35): CodeIgniter\Debug\Exceptions->errorHandler(2, 'include(../nav_menu_upper.php): Failed to open stream: No such file or directory', 'C:\\xampp\\htdocs\\portal-fgroupindonesia\\app\\Views\\typing\\home.php', 35)
 2 APPPATH\Views\typing\home.php(35): include()
 3 SYSTEMPATH\View\View.php(234): include('C:\\xampp\\htdocs\\portal-fgroupindonesia\\app\\Views\\typing\\home.php')
 4 SYSTEMPATH\View\View.php(237): CodeIgniter\View\View->CodeIgniter\View\{closure}()
 5 SYSTEMPATH\Common.php(1171): CodeIgniter\View\View->render('typing/home', [], true)
 6 APPPATH\Controllers\Typing.php(38): view('typing/home', [...])
 7 SYSTEMPATH\CodeIgniter.php(933): App\Controllers\Typing->index()
 8 SYSTEMPATH\CodeIgniter.php(509): CodeIgniter\CodeIgniter->runController(Object(App\Controllers\Typing))
 9 SYSTEMPATH\CodeIgniter.php(355): CodeIgniter\CodeIgniter->handleRequest(null, Object(Config\Cache), false)
10 SYSTEMPATH\Boot.php(312): CodeIgniter\CodeIgniter->run()
11 SYSTEMPATH\Boot.php(67): CodeIgniter\Boot::runCodeIgniter(Object(CodeIgniter\CodeIgniter))
12 FCPATH\index.php(56): CodeIgniter\Boot::bootWeb(Object(Config\Paths))
INFO - 2026-06-22 13:04:29 --> Session: Class initialized using 'CodeIgniter\Session\Handlers\FileHandler' driver.
CRITICAL - 2026-06-22 13:04:29 --> ErrorException: include(../nav_menu_upper.php): Failed to open stream: No such file or directory
[Method: GET, Route: exercise/typing]
in APPPATH\Views\typing\home.php on line 35.
 1 APPPATH\Views\typing\home.php(35): CodeIgniter\Debug\Exceptions->errorHandler(2, 'include(../nav_menu_upper.php): Failed to open stream: No such file or directory', 'C:\\xampp\\htdocs\\portal-fgroupindonesia\\app\\Views\\typing\\home.php', 35)
 2 APPPATH\Views\typing\home.php(35): include()
 3 SYSTEMPATH\View\View.php(234): include('C:\\xampp\\htdocs\\portal-fgroupindonesia\\app\\Views\\typing\\home.php')
 4 SYSTEMPATH\View\View.php(237): CodeIgniter\View\View->CodeIgniter\View\{closure}()
 5 SYSTEMPATH\Common.php(1171): CodeIgniter\View\View->render('typing/home', [], true)
 6 APPPATH\Controllers\Typing.php(38): view('typing/home', [...])
 7 SYSTEMPATH\CodeIgniter.php(933): App\Controllers\Typing->index()
 8 SYSTEMPATH\CodeIgniter.php(509): CodeIgniter\CodeIgniter->runController(Object(App\Controllers\Typing))
 9 SYSTEMPATH\CodeIgniter.php(355): CodeIgniter\CodeIgniter->handleRequest(null, Object(Config\Cache), false)
10 SYSTEMPATH\Boot.php(312): CodeIgniter\CodeIgniter->run()
11 SYSTEMPATH\Boot.php(67): CodeIgniter\Boot::runCodeIgniter(Object(CodeIgniter\CodeIgniter))
12 FCPATH\index.php(56): CodeIgniter\Boot::bootWeb(Object(Config\Paths))
INFO - 2026-06-22 13:04:46 --> Session: Class initialized using 'CodeIgniter\Session\Handlers\FileHandler' driver.
INFO - 2026-06-22 13:05:38 --> Session: Class initialized using 'CodeIgniter\Session\Handlers\FileHandler' driver.
CRITICAL - 2026-06-22 13:05:38 --> ErrorException: Undefined variable $data
[Method: GET, Route: exercise/typing]
in APPPATH\Views\typing\home.php on line 35.
 1 APPPATH\Views\typing\home.php(35): CodeIgniter\Debug\Exceptions->errorHandler(2, 'Undefined variable $data', 'C:\\xampp\\htdocs\\portal-fgroupindonesia\\app\\Views\\typing\\home.php', 35)
 2 SYSTEMPATH\View\View.php(234): include('C:\\xampp\\htdocs\\portal-fgroupindonesia\\app\\Views\\typing\\home.php')
 3 SYSTEMPATH\View\View.php(237): CodeIgniter\View\View->CodeIgniter\View\{closure}()
 4 SYSTEMPATH\Common.php(1171): CodeIgniter\View\View->render('typing/home', [], true)
 5 APPPATH\Controllers\Typing.php(38): view('typing/home', [...])
 6 SYSTEMPATH\CodeIgniter.php(933): App\Controllers\Typing->index()
 7 SYSTEMPATH\CodeIgniter.php(509): CodeIgniter\CodeIgniter->runController(Object(App\Controllers\Typing))
 8 SYSTEMPATH\CodeIgniter.php(355): CodeIgniter\CodeIgniter->handleRequest(null, Object(Config\Cache), false)
 9 SYSTEMPATH\Boot.php(312): CodeIgniter\CodeIgniter->run()
10 SYSTEMPATH\Boot.php(67): CodeIgniter\Boot::runCodeIgniter(Object(CodeIgniter\CodeIgniter))
11 FCPATH\index.php(56): CodeIgniter\Boot::bootWeb(Object(Config\Paths))
INFO - 2026-06-22 13:07:03 --> Session: Class initialized using 'CodeIgniter\Session\Handlers\FileHandler' driver.
INFO - 2026-06-22 13:07:27 --> Session: Class initialized using 'CodeIgniter\Session\Handlers\FileHandler' driver.
INFO - 2026-06-22 13:07:27 --> Session: Class initialized using 'CodeIgniter\Session\Handlers\FileHandler' driver.
INFO - 2026-06-22 13:07:28 --> Session: Class initialized using 'CodeIgniter\Session\Handlers\FileHandler' driver.
INFO - 2026-06-22 13:07:29 --> Session: Class initialized using 'CodeIgniter\Session\Handlers\FileHandler' driver.
INFO - 2026-06-22 13:07:51 --> Session: Class initialized using 'CodeIgniter\Session\Handlers\FileHandler' driver.
INFO - 2026-06-22 13:07:52 --> Session: Class initialized using 'CodeIgniter\Session\Handlers\FileHandler' driver.
INFO - 2026-06-22 13:07:52 --> Session: Class initialized using 'CodeIgniter\Session\Handlers\FileHandler' driver.
INFO - 2026-06-22 13:10:33 --> Session: Class initialized using 'CodeIgniter\Session\Handlers\FileHandler' driver.
INFO - 2026-06-22 13:10:33 --> Session: Class initialized using 'CodeIgniter\Session\Handlers\FileHandler' driver.
INFO - 2026-06-22 13:11:45 --> Session: Class initialized using 'CodeIgniter\Session\Handlers\FileHandler' driver.
INFO - 2026-06-22 13:11:48 --> Session: Class initialized using 'CodeIgniter\Session\Handlers\FileHandler' driver.
INFO - 2026-06-22 13:11:57 --> Session: Class initialized using 'CodeIgniter\Session\Handlers\FileHandler' driver.
INFO - 2026-06-22 13:12:13 --> Session: Class initialized using 'CodeIgniter\Session\Handlers\FileHandler' driver.
INFO - 2026-06-22 13:12:20 --> Session: Class initialized using 'CodeIgniter\Session\Handlers\FileHandler' driver.
